
> task-management-backend@1.0.0 test
> jest --runInBand

::ffff:127.0.0.1 - - [13/Jun/2026:10:47:18 +0000] "POST /api/auth/signup HTTP/1.1" 201 735 "-" "-"
::ffff:127.0.0.1 - - [13/Jun/2026:10:47:19 +0000] "POST /api/auth/login HTTP/1.1" 200 738 "-" "-"
::ffff:127.0.0.1 - - [13/Jun/2026:10:47:20 +0000] "POST /api/auth/signup HTTP/1.1" 201 732 "-" "-"
::ffff:127.0.0.1 - - [13/Jun/2026:10:47:22 +0000] "POST /api/tasks HTTP/1.1" 201 403 "-" "-"
::ffff:127.0.0.1 - - [13/Jun/2026:10:47:22 +0000] "POST /api/tasks HTTP/1.1" 201 403 "-" "-"
::ffff:127.0.0.1 - - [13/Jun/2026:10:47:25 +0000] "GET /api/admin/stats HTTP/1.1" 200 193 "-" "-"
::ffff:127.0.0.1 - - [13/Jun/2026:10:47:28 +0000] "POST /api/auth/signup HTTP/1.1" 201 735 "-" "-"
::ffff:127.0.0.1 - - [13/Jun/2026:10:47:29 +0000] "POST /api/auth/signup HTTP/1.1" 201 735 "-" "-"
::ffff:127.0.0.1 - - [13/Jun/2026:10:47:31 +0000] "POST /api/auth/signup HTTP/1.1" 500 518 "-" "-"
::ffff:127.0.0.1 - - [13/Jun/2026:10:47:33 +0000] "POST /api/auth/signup HTTP/1.1" 201 735 "-" "-"
::ffff:127.0.0.1 - - [13/Jun/2026:10:47:34 +0000] "POST /api/auth/login HTTP/1.1" 500 518 "-" "-"
::ffff:127.0.0.1 - - [13/Jun/2026:10:47:36 +0000] "POST /api/auth/signup HTTP/1.1" 201 735 "-" "-"
::ffff:127.0.0.1 - - [13/Jun/2026:10:47:37 +0000] "POST /api/auth/login HTTP/1.1" 500 518 "-" "-"
::ffff:127.0.0.1 - - [13/Jun/2026:10:47:38 +0000] "POST /api/auth/signup HTTP/1.1" 201 735 "-" "-"
::ffff:127.0.0.1 - - [13/Jun/2026:10:47:40 +0000] "POST /api/auth/signup HTTP/1.1" 201 735 "-" "-"
::ffff:127.0.0.1 - - [13/Jun/2026:10:47:41 +0000] "POST /api/auth/login HTTP/1.1" 200 738 "-" "-"
::ffff:127.0.0.1 - - [13/Jun/2026:10:47:43 +0000] "POST /api/auth/signup HTTP/1.1" 201 732 "-" "-"
::ffff:127.0.0.1 - - [13/Jun/2026:10:47:43 +0000] "POST /api/tasks HTTP/1.1" 500 424 "-" "-"
::ffff:127.0.0.1 - - [13/Jun/2026:10:47:44 +0000] "POST /api/tasks HTTP/1.1" 500 424 "-" "-"
::ffff:127.0.0.1 - - [13/Jun/2026:10:47:44 +0000] "GET /api/admin/users/00000000-0000-0000-0000-000000000000 HTTP/1.1" 404 78 "-" "-"
::ffff:127.0.0.1 - - [13/Jun/2026:10:47:46 +0000] "POST /api/auth/signup HTTP/1.1" 201 735 "-" "-"
::ffff:127.0.0.1 - - [13/Jun/2026:10:47:48 +0000] "POST /api/auth/signup HTTP/1.1" 201 735 "-" "-"
::ffff:127.0.0.1 - - [13/Jun/2026:10:47:49 +0000] "POST /api/auth/login HTTP/1.1" 200 738 "-" "-"
::ffff:127.0.0.1 - - [13/Jun/2026:10:47:50 +0000] "POST /api/auth/signup HTTP/1.1" 201 732 "-" "-"
::ffff:127.0.0.1 - - [13/Jun/2026:10:47:51 +0000] "POST /api/tasks HTTP/1.1" 201 403 "-" "-"
::ffff:127.0.0.1 - - [13/Jun/2026:10:47:51 +0000] "POST /api/tasks HTTP/1.1" 201 403 "-" "-"
::ffff:127.0.0.1 - - [13/Jun/2026:10:47:53 +0000] "GET /api/admin/users/a7c88b51-5d67-428e-86c4-93842ed68f1c/tasks HTTP/1.1" 200 851 "-" "-"
::ffff:127.0.0.1 - - [13/Jun/2026:10:47:55 +0000] "POST /api/auth/signup HTTP/1.1" 500 518 "-" "-"
::ffff:127.0.0.1 - - [13/Jun/2026:10:47:57 +0000] "POST /api/auth/signup HTTP/1.1" 201 735 "-" "-"
::ffff:127.0.0.1 - - [13/Jun/2026:10:47:58 +0000] "POST /api/auth/login HTTP/1.1" 200 738 "-" "-"
::ffff:127.0.0.1 - - [13/Jun/2026:10:47:59 +0000] "POST /api/auth/signup HTTP/1.1" 500 518 "-" "-"
::ffff:127.0.0.1 - - [13/Jun/2026:10:48:00 +0000] "POST /api/auth/signup HTTP/1.1" 201 735 "-" "-"
::ffff:127.0.0.1 - - [13/Jun/2026:10:48:03 +0000] "POST /api/auth/signup HTTP/1.1" 201 735 "-" "-"
::ffff:127.0.0.1 - - [13/Jun/2026:10:48:04 +0000] "POST /api/auth/login HTTP/1.1" 200 738 "-" "-"
::ffff:127.0.0.1 - - [13/Jun/2026:10:48:05 +0000] "POST /api/auth/signup HTTP/1.1" 201 732 "-" "-"
::ffff:127.0.0.1 - - [13/Jun/2026:10:48:06 +0000] "POST /api/tasks HTTP/1.1" 500 424 "-" "-"
::ffff:127.0.0.1 - - [13/Jun/2026:10:48:06 +0000] "POST /api/tasks HTTP/1.1" 500 424 "-" "-"
::ffff:127.0.0.1 - - [13/Jun/2026:10:48:06 +0000] "DELETE /api/admin/users/6a39dda4-1e3a-4679-bf7d-7f6f8583013a HTTP/1.1" 400 86 "-" "-"
::ffff:127.0.0.1 - - [13/Jun/2026:10:48:08 +0000] "POST /api/auth/signup HTTP/1.1" 201 735 "-" "-"
::ffff:127.0.0.1 - - [13/Jun/2026:10:48:09 +0000] "POST /api/auth/login HTTP/1.1" 500 518 "-" "-"
::ffff:127.0.0.1 - - [13/Jun/2026:10:48:10 +0000] "POST /api/auth/signup HTTP/1.1" 201 735 "-" "-"
::ffff:127.0.0.1 - - [13/Jun/2026:10:48:11 +0000] "POST /api/auth/login HTTP/1.1" 200 738 "-" "-"
::ffff:127.0.0.1 - - [13/Jun/2026:10:48:12 +0000] "POST /api/auth/signup HTTP/1.1" 201 732 "-" "-"
::ffff:127.0.0.1 - - [13/Jun/2026:10:48:13 +0000] "POST /api/tasks HTTP/1.1" 201 403 "-" "-"
::ffff:127.0.0.1 - - [13/Jun/2026:10:48:13 +0000] "POST /api/tasks HTTP/1.1" 201 403 "-" "-"
::ffff:127.0.0.1 - - [13/Jun/2026:10:48:14 +0000] "POST /api/admin/users HTTP/1.1" 201 208 "-" "-"
::ffff:127.0.0.1 - - [13/Jun/2026:10:48:16 +0000] "POST /api/auth/signup HTTP/1.1" 201 735 "-" "-"
::ffff:127.0.0.1 - - [13/Jun/2026:10:48:17 +0000] "POST /api/auth/login HTTP/1.1" 200 738 "-" "-"
::ffff:127.0.0.1 - - [13/Jun/2026:10:48:18 +0000] "POST /api/auth/signup HTTP/1.1" 201 732 "-" "-"
::ffff:127.0.0.1 - - [13/Jun/2026:10:48:19 +0000] "POST /api/tasks HTTP/1.1" 201 403 "-" "-"
::ffff:127.0.0.1 - - [13/Jun/2026:10:48:19 +0000] "POST /api/tasks HTTP/1.1" 201 403 "-" "-"
::ffff:127.0.0.1 - - [13/Jun/2026:10:48:20 +0000] "POST /api/admin/users HTTP/1.1" 201 204 "-" "-"
::ffff:127.0.0.1 - - [13/Jun/2026:10:48:20 +0000] "POST /api/admin/users HTTP/1.1" 409 84 "-" "-"
::ffff:127.0.0.1 - - [13/Jun/2026:10:48:22 +0000] "POST /api/auth/signup HTTP/1.1" 201 735 "-" "-"
::ffff:127.0.0.1 - - [13/Jun/2026:10:48:23 +0000] "POST /api/auth/login HTTP/1.1" 200 738 "-" "-"
::ffff:127.0.0.1 - - [13/Jun/2026:10:48:24 +0000] "POST /api/auth/signup HTTP/1.1" 201 732 "-" "-"
::ffff:127.0.0.1 - - [13/Jun/2026:10:48:25 +0000] "POST /api/tasks HTTP/1.1" 201 403 "-" "-"
::ffff:127.0.0.1 - - [13/Jun/2026:10:48:25 +0000] "POST /api/tasks HTTP/1.1" 201 403 "-" "-"
::ffff:127.0.0.1 - - [13/Jun/2026:10:48:25 +0000] "POST /api/admin/users HTTP/1.1" 403 96 "-" "-"
::ffff:127.0.0.1 - - [13/Jun/2026:10:48:27 +0000] "POST /api/auth/signup HTTP/1.1" 201 735 "-" "-"
::ffff:127.0.0.1 - - [13/Jun/2026:10:48:28 +0000] "POST /api/auth/login HTTP/1.1" 200 738 "-" "-"
::ffff:127.0.0.1 - - [13/Jun/2026:10:48:29 +0000] "POST /api/auth/signup HTTP/1.1" 201 732 "-" "-"
::ffff:127.0.0.1 - - [13/Jun/2026:10:48:29 +0000] "POST /api/tasks HTTP/1.1" 201 403 "-" "-"
::ffff:127.0.0.1 - - [13/Jun/2026:10:48:30 +0000] "POST /api/tasks HTTP/1.1" 201 403 "-" "-"
::ffff:127.0.0.1 - - [13/Jun/2026:10:48:32 +0000] "POST /api/admin/users/batch HTTP/1.1" 201 102 "-" "-"
::ffff:127.0.0.1 - - [13/Jun/2026:10:48:33 +0000] "POST /api/auth/signup HTTP/1.1" 201 735 "-" "-"
::ffff:127.0.0.1 - - [13/Jun/2026:10:48:34 +0000] "POST /api/auth/login HTTP/1.1" 200 738 "-" "-"
::ffff:127.0.0.1 - - [13/Jun/2026:10:48:35 +0000] "POST /api/auth/signup HTTP/1.1" 201 732 "-" "-"
::ffff:127.0.0.1 - - [13/Jun/2026:10:48:36 +0000] "POST /api/tasks HTTP/1.1" 201 403 "-" "-"
::ffff:127.0.0.1 - - [13/Jun/2026:10:48:36 +0000] "POST /api/tasks HTTP/1.1" 201 403 "-" "-"
::ffff:127.0.0.1 - - [13/Jun/2026:10:48:37 +0000] "POST /api/admin/users HTTP/1.1" 201 209 "-" "-"
::ffff:127.0.0.1 - - [13/Jun/2026:10:48:38 +0000] "POST /api/admin/users/batch HTTP/1.1" 201 102 "-" "-"
::ffff:127.0.0.1 - - [13/Jun/2026:10:48:40 +0000] "POST /api/auth/signup HTTP/1.1" 201 735 "-" "-"
::ffff:127.0.0.1 - - [13/Jun/2026:10:48:41 +0000] "POST /api/auth/login HTTP/1.1" 200 738 "-" "-"
::ffff:127.0.0.1 - - [13/Jun/2026:10:48:42 +0000] "POST /api/auth/signup HTTP/1.1" 201 732 "-" "-"
::ffff:127.0.0.1 - - [13/Jun/2026:10:48:43 +0000] "POST /api/tasks HTTP/1.1" 201 403 "-" "-"
::ffff:127.0.0.1 - - [13/Jun/2026:10:48:43 +0000] "POST /api/tasks HTTP/1.1" 201 403 "-" "-"
::ffff:127.0.0.1 - - [13/Jun/2026:10:48:43 +0000] "POST /api/admin/users/batch HTTP/1.1" 400 163 "-" "-"
::ffff:127.0.0.1 - - [13/Jun/2026:10:48:45 +0000] "POST /api/auth/signup HTTP/1.1" 201 735 "-" "-"
::ffff:127.0.0.1 - - [13/Jun/2026:10:48:46 +0000] "POST /api/auth/login HTTP/1.1" 200 738 "-" "-"
::ffff:127.0.0.1 - - [13/Jun/2026:10:48:47 +0000] "POST /api/auth/signup HTTP/1.1" 201 732 "-" "-"
::ffff:127.0.0.1 - - [13/Jun/2026:10:48:48 +0000] "POST /api/tasks HTTP/1.1" 201 403 "-" "-"
::ffff:127.0.0.1 - - [13/Jun/2026:10:48:48 +0000] "POST /api/tasks HTTP/1.1" 201 403 "-" "-"
::ffff:127.0.0.1 - - [13/Jun/2026:10:48:48 +0000] "POST /api/admin/users/batch HTTP/1.1" 403 96 "-" "-"
::ffff:127.0.0.1 - - [13/Jun/2026:10:48:50 +0000] "POST /api/auth/signup HTTP/1.1" 201 735 "-" "-"
::ffff:127.0.0.1 - - [13/Jun/2026:10:48:51 +0000] "POST /api/auth/login HTTP/1.1" 200 738 "-" "-"
::ffff:127.0.0.1 - - [13/Jun/2026:10:48:52 +0000] "POST /api/auth/signup HTTP/1.1" 201 732 "-" "-"
::ffff:127.0.0.1 - - [13/Jun/2026:10:48:52 +0000] "POST /api/tasks HTTP/1.1" 201 403 "-" "-"
::ffff:127.0.0.1 - - [13/Jun/2026:10:48:53 +0000] "POST /api/tasks HTTP/1.1" 201 403 "-" "-"
::ffff:127.0.0.1 - - [13/Jun/2026:10:48:54 +0000] "POST /api/auth/login HTTP/1.1" 200 738 "-" "-"
::ffff:127.0.0.1 - - [13/Jun/2026:10:48:54 +0000] "GET /api/admin/auth-logs HTTP/1.1" 200 7824 "-" "-"
::ffff:127.0.0.1 - - [13/Jun/2026:10:48:56 +0000] "POST /api/auth/signup HTTP/1.1" 201 735 "-" "-"
::ffff:127.0.0.1 - - [13/Jun/2026:10:48:57 +0000] "POST /api/auth/login HTTP/1.1" 200 738 "-" "-"
::ffff:127.0.0.1 - - [13/Jun/2026:10:48:58 +0000] "POST /api/auth/signup HTTP/1.1" 201 732 "-" "-"
::ffff:127.0.0.1 - - [13/Jun/2026:10:48:59 +0000] "POST /api/tasks HTTP/1.1" 201 403 "-" "-"
node.exe : FAIL src/tests/admin.integration.test.ts (108.731 s)
At line:1 char:1
+ & "C:\Program Files\nodejs/node.exe" "C:\Program Files\nodejs/node_mo ...
+ ~~~~~~~~~~~~~~~~~~~~~~~~~~~~~~~~~~~~~~~~~~~~~~~~~~~~~~~~~~~~~~~~~~~~~
    + CategoryInfo          : NotSpecified: (FAIL src/tests/....ts (108.731 s):String) [], RemoteException
    + FullyQualifiedErrorId : NativeCommandError
 
  ΓùÅ Admin Endpoints ΓÇ║ GET /api/admin/stats ΓÇ║ rejects non-admin users

    PrismaClientKnownRequestError: 
    Invalid `prisma.user.update()` invocation in
    C:\Users\Kiran Teja\Downloads\My projects\Test-app\backend\src\tests\admin.integration.test.ts:18:23

      15   .post('/api/auth/signup')
      16   .send({ email: 'admin@test.com', password: 'AdminPass123!' });
      17 const id = res.body.data.user.id;
    ΓåÆ 18 await prisma.user.update(
    An operation failed because it depends on one or more records that were required but not found. Record to update 
not found.

    [0m [90m 16 |[39m       [33m.[39msend({ email[33m:[39m [32m'admin@test.com'[39m[33m,[39m 
password[33m:[39m [32m'AdminPass123!'[39m })[33m;[39m
     [90m 17 |[39m     [36mconst[39m id [33m=[39m 
res[33m.[39mbody[33m.[39mdata[33m.[39muser[33m.[39mid[33m;[39m
    [31m[1m>[22m[39m[90m 18 |[39m     [36mawait[39m prisma[33m.[39muser[33m.[39mupdate({ where[33m:[39m 
{ id }[33m,[39m data[33m:[39m { role[33m:[39m [32m'ADMIN'[39m } })[33m;[39m
     [90m    |[39m     [31m[1m^[22m[39m
     [90m 19 |[39m     [36mconst[39m loginRes [33m=[39m [36mawait[39m request(app)
     [90m 20 |[39m       [33m.[39mpost([32m'/api/auth/login'[39m)
     [90m 21 |[39m       [33m.[39msend({ email[33m:[39m [32m'admin@test.com'[39m[33m,[39m 
password[33m:[39m [32m'AdminPass123!'[39m })[33m;[39m[0m

      at $n.handleRequestError (node_modules/@prisma/client/runtime/library.js:121:7315)
      at $n.handleAndLogRequestError (node_modules/@prisma/client/runtime/library.js:121:6623)
      at $n.request (node_modules/@prisma/client/runtime/library.js:121:6307)
      at l (node_modules/@prisma/client/runtime/library.js:130:9633)
      at createAdminAndLogin (src/tests/admin.integration.test.ts:18:5)
      at Object.<anonymous> (src/tests/admin.integration.test.ts:37:19)

  ΓùÅ Admin Endpoints ΓÇ║ GET /api/admin/stats ΓÇ║ rejects unauthenticated requests

    PrismaClientKnownRequestError: 
    Invalid `prisma.user.update()` invocation in
    C:\Users\Kiran Teja\Downloads\My projects\Test-app\backend\src\tests\admin.integration.test.ts:18:23

      15   .post('/api/auth/signup')
      16   .send({ email: 'admin@test.com', password: 'AdminPass123!' });
      17 const id = res.body.data.user.id;
    ΓåÆ 18 await prisma.user.update(
    An operation failed because it depends on one or more records that were required but not found. Record to update 
not found.

    [0m [90m 16 |[39m       [33m.[39msend({ email[33m:[39m [32m'admin@test.com'[39m[33m,[39m 
password[33m:[39m [32m'AdminPass123!'[39m })[33m;[39m
     [90m 17 |[39m     [36mconst[39m id [33m=[39m 
res[33m.[39mbody[33m.[39mdata[33m.[39muser[33m.[39mid[33m;[39m
    [31m[1m>[22m[39m[90m 18 |[39m     [36mawait[39m prisma[33m.[39muser[33m.[39mupdate({ where[33m:[39m 
{ id }[33m,[39m data[33m:[39m { role[33m:[39m [32m'ADMIN'[39m } })[33m;[39m
     [90m    |[39m     [31m[1m^[22m[39m
     [90m 19 |[39m     [36mconst[39m loginRes [33m=[39m [36mawait[39m request(app)
     [90m 20 |[39m       [33m.[39mpost([32m'/api/auth/login'[39m)
     [90m 21 |[39m       [33m.[39msend({ email[33m:[39m [32m'admin@test.com'[39m[33m,[39m 
password[33m:[39m [32m'AdminPass123!'[39m })[33m;[39m[0m

      at $n.handleRequestError (node_modules/@prisma/client/runtime/library.js:121:7315)
      at $n.handleAndLogRequestError (node_modules/@prisma/client/runtime/library.js:121:6623)
      at $n.request (node_modules/@prisma/client/runtime/library.js:121:6307)
      at l (node_modules/@prisma/client/runtime/library.js:130:9633)
      at createAdminAndLogin (src/tests/admin.integration.test.ts:18:5)
      at Object.<anonymous> (src/tests/admin.integration.test.ts:37:19)

  ΓùÅ Admin Endpoints ΓÇ║ GET /api/admin/users ΓÇ║ lists all users for admin

    TypeError: Cannot read properties of undefined (reading 'user')

    [0m [90m 15 |[39m       [33m.[39mpost([32m'/api/auth/signup'[39m)
     [90m 16 |[39m       [33m.[39msend({ email[33m:[39m [32m'admin@test.com'[39m[33m,[39m 
password[33m:[39m [32m'AdminPass123!'[39m })[33m;[39m
    [31m[1m>[22m[39m[90m 17 |[39m     [36mconst[39m id [33m=[39m 
res[33m.[39mbody[33m.[39mdata[33m.[39muser[33m.[39mid[33m;[39m
     [90m    |[39m                              [31m[1m^[22m[39m
     [90m 18 |[39m     [36mawait[39m prisma[33m.[39muser[33m.[39mupdate({ where[33m:[39m { id }[33m,[39m 
data[33m:[39m { role[33m:[39m [32m'ADMIN'[39m } })[33m;[39m
     [90m 19 |[39m     [36mconst[39m loginRes [33m=[39m [36mawait[39m request(app)
     [90m 20 |[39m       [33m.[39mpost([32m'/api/auth/login'[39m)[0m

      at createAdminAndLogin (src/tests/admin.integration.test.ts:17:30)
      at Object.<anonymous> (src/tests/admin.integration.test.ts:37:19)

  ΓùÅ Admin Endpoints ΓÇ║ GET /api/admin/users ΓÇ║ rejects non-admin users

    TypeError: Cannot read properties of undefined (reading 'accessToken')

    [0m [90m 20 |[39m       [33m.[39mpost([32m'/api/auth/login'[39m)
     [90m 21 |[39m       [33m.[39msend({ email[33m:[39m [32m'admin@test.com'[39m[33m,[39m 
password[33m:[39m [32m'AdminPass123!'[39m })[33m;[39m
    [31m[1m>[22m[39m[90m 22 |[39m     [36mreturn[39m { token[33m:[39m 
loginRes[33m.[39mbody[33m.[39mdata[33m.[39maccessToken[33m,[39m id }[33m;[39m
     [90m    |[39m                                        [31m[1m^[22m[39m
     [90m 23 |[39m   }[33m;[39m
     [90m 24 |[39m
     [90m 25 |[39m   [36mconst[39m createUserAndLogin [33m=[39m [36masync[39m () [33m=>[39m {[0m

      at createAdminAndLogin (src/tests/admin.integration.test.ts:22:40)
      at Object.<anonymous> (src/tests/admin.integration.test.ts:37:19)

  ΓùÅ Admin Endpoints ΓÇ║ GET /api/admin/users ΓÇ║ supports search by email

    TypeError: Cannot read properties of undefined (reading 'accessToken')

    [0m [90m 20 |[39m       [33m.[39mpost([32m'/api/auth/login'[39m)
     [90m 21 |[39m       [33m.[39msend({ email[33m:[39m [32m'admin@test.com'[39m[33m,[39m 
password[33m:[39m [32m'AdminPass123!'[39m })[33m;[39m
    [31m[1m>[22m[39m[90m 22 |[39m     [36mreturn[39m { token[33m:[39m 
loginRes[33m.[39mbody[33m.[39mdata[33m.[39maccessToken[33m,[39m id }[33m;[39m
     [90m    |[39m                                        [31m[1m^[22m[39m
     [90m 23 |[39m   }[33m;[39m
     [90m 24 |[39m
     [90m 25 |[39m   [36mconst[39m createUserAndLogin [33m=[39m [36masync[39m () [33m=>[39m {[0m

      at createAdminAndLogin (src/tests/admin.integration.test.ts:22:40)
      at Object.<anonymous> (src/tests/admin.integration.test.ts:37:19)

  ΓùÅ Admin Endpoints ΓÇ║ GET /api/admin/users/:id ΓÇ║ returns user details for admin

    PrismaClientKnownRequestError: 
    Invalid `prisma.user.update()` invocation in
    C:\Users\Kiran Teja\Downloads\My projects\Test-app\backend\src\tests\admin.integration.test.ts:18:23

      15   .post('/api/auth/signup')
      16   .send({ email: 'admin@test.com', password: 'AdminPass123!' });
      17 const id = res.body.data.user.id;
    ΓåÆ 18 await prisma.user.update(
    An operation failed because it depends on one or more records that were required but not found. Record to update 
not found.

    [0m [90m 16 |[39m       [33m.[39msend({ email[33m:[39m [32m'admin@test.com'[39m[33m,[39m 
password[33m:[39m [32m'AdminPass123!'[39m })[33m;[39m
     [90m 17 |[39m     [36mconst[39m id [33m=[39m 
res[33m.[39mbody[33m.[39mdata[33m.[39muser[33m.[39mid[33m;[39m
    [31m[1m>[22m[39m[90m 18 |[39m     [36mawait[39m prisma[33m.[39muser[33m.[39mupdate({ where[33m:[39m 
{ id }[33m,[39m data[33m:[39m { role[33m:[39m [32m'ADMIN'[39m } })[33m;[39m
     [90m    |[39m     [31m[1m^[22m[39m
     [90m 19 |[39m     [36mconst[39m loginRes [33m=[39m [36mawait[39m request(app)
     [90m 20 |[39m       [33m.[39mpost([32m'/api/auth/login'[39m)
     [90m 21 |[39m       [33m.[39msend({ email[33m:[39m [32m'admin@test.com'[39m[33m,[39m 
password[33m:[39m [32m'AdminPass123!'[39m })[33m;[39m[0m

      at $n.handleRequestError (node_modules/@prisma/client/runtime/library.js:121:7315)
      at $n.handleAndLogRequestError (node_modules/@prisma/client/runtime/library.js:121:6623)
      at $n.request (node_modules/@prisma/client/runtime/library.js:121:6307)
      at l (node_modules/@prisma/client/runtime/library.js:130:9633)
      at createAdminAndLogin (src/tests/admin.integration.test.ts:18:5)
      at Object.<anonymous> (src/tests/admin.integration.test.ts:37:19)

  ΓùÅ Admin Endpoints ΓÇ║ GET /api/admin/users/:id ΓÇ║ rejects non-admin users

    PrismaClientKnownRequestError: 
    Invalid `prisma.user.update()` invocation in
    C:\Users\Kiran Teja\Downloads\My projects\Test-app\backend\src\tests\admin.integration.test.ts:18:23

      15   .post('/api/auth/signup')
      16   .send({ email: 'admin@test.com', password: 'AdminPass123!' });
      17 const id = res.body.data.user.id;
    ΓåÆ 18 await prisma.user.update(
    An operation failed because it depends on one or more records that were required but not found. Record to update 
not found.

    [0m [90m 16 |[39m       [33m.[39msend({ email[33m:[39m [32m'admin@test.com'[39m[33m,[39m 
password[33m:[39m [32m'AdminPass123!'[39m })[33m;[39m
     [90m 17 |[39m     [36mconst[39m id [33m=[39m 
res[33m.[39mbody[33m.[39mdata[33m.[39muser[33m.[39mid[33m;[39m
    [31m[1m>[22m[39m[90m 18 |[39m     [36mawait[39m prisma[33m.[39muser[33m.[39mupdate({ where[33m:[39m 
{ id }[33m,[39m data[33m:[39m { role[33m:[39m [32m'ADMIN'[39m } })[33m;[39m
     [90m    |[39m     [31m[1m^[22m[39m
     [90m 19 |[39m     [36mconst[39m loginRes [33m=[39m [36mawait[39m request(app)
     [90m 20 |[39m       [33m.[39mpost([32m'/api/auth/login'[39m)
     [90m 21 |[39m       [33m.[39msend({ email[33m:[39m [32m'admin@test.com'[39m[33m,[39m 
password[33m:[39m [32m'AdminPass123!'[39m })[33m;[39m[0m

      at $n.handleRequestError (node_modules/@prisma/client/runtime/library.js:121:7315)
      at $n.handleAndLogRequestError (node_modules/@prisma/client/runtime/library.js:121:6623)
      at $n.request (node_modules/@prisma/client/runtime/library.js:121:6307)
      at l (node_modules/@prisma/client/runtime/library.js:130:9633)
      at createAdminAndLogin (src/tests/admin.integration.test.ts:18:5)
      at Object.<anonymous> (src/tests/admin.integration.test.ts:37:19)

  ΓùÅ Admin Endpoints ΓÇ║ PATCH /api/admin/users/:id ΓÇ║ allows admin to update user role

    TypeError: Cannot read properties of undefined (reading 'user')

    [0m [90m 15 |[39m       [33m.[39mpost([32m'/api/auth/signup'[39m)
     [90m 16 |[39m       [33m.[39msend({ email[33m:[39m [32m'admin@test.com'[39m[33m,[39m 
password[33m:[39m [32m'AdminPass123!'[39m })[33m;[39m
    [31m[1m>[22m[39m[90m 17 |[39m     [36mconst[39m id [33m=[39m 
res[33m.[39mbody[33m.[39mdata[33m.[39muser[33m.[39mid[33m;[39m
     [90m    |[39m                              [31m[1m^[22m[39m
     [90m 18 |[39m     [36mawait[39m prisma[33m.[39muser[33m.[39mupdate({ where[33m:[39m { id }[33m,[39m 
data[33m:[39m { role[33m:[39m [32m'ADMIN'[39m } })[33m;[39m
     [90m 19 |[39m     [36mconst[39m loginRes [33m=[39m [36mawait[39m request(app)
     [90m 20 |[39m       [33m.[39mpost([32m'/api/auth/login'[39m)[0m

      at createAdminAndLogin (src/tests/admin.integration.test.ts:17:30)
      at Object.<anonymous> (src/tests/admin.integration.test.ts:37:19)

  ΓùÅ Admin Endpoints ΓÇ║ PATCH /api/admin/users/:id ΓÇ║ allows admin to deactivate user

    TypeError: Cannot read properties of undefined (reading 'accessToken')

    [0m [90m 27 |[39m       [33m.[39mpost([32m'/api/auth/signup'[39m)
     [90m 28 |[39m       [33m.[39msend({ email[33m:[39m [32m'user@test.com'[39m[33m,[39m password[33m:[39m 
[32m'UserPass123!'[39m })[33m;[39m
    [31m[1m>[22m[39m[90m 29 |[39m     [36mreturn[39m { token[33m:[39m 
res[33m.[39mbody[33m.[39mdata[33m.[39maccessToken[33m,[39m id[33m:[39m 
res[33m.[39mbody[33m.[39mdata[33m.[39muser[33m.[39mid }[33m;[39m
     [90m    |[39m                                   [31m[1m^[22m[39m
     [90m 30 |[39m   }[33m;[39m
     [90m 31 |[39m
     [90m 32 |[39m   beforeEach([36masync[39m () [33m=>[39m {[0m

      at createUserAndLogin (src/tests/admin.integration.test.ts:29:35)
      at Object.<anonymous> (src/tests/admin.integration.test.ts:41:18)

  ΓùÅ Admin Endpoints ΓÇ║ DELETE /api/admin/users/:id ΓÇ║ allows admin to delete a user

    PrismaClientKnownRequestError: 
    Invalid `prisma.user.update()` invocation in
    C:\Users\Kiran Teja\Downloads\My projects\Test-app\backend\src\tests\admin.integration.test.ts:18:23

      15   .post('/api/auth/signup')
      16   .send({ email: 'admin@test.com', password: 'AdminPass123!' });
      17 const id = res.body.data.user.id;
    ΓåÆ 18 await prisma.user.update(
    An operation failed because it depends on one or more records that were required but not found. Record to update 
not found.

    [0m [90m 16 |[39m       [33m.[39msend({ email[33m:[39m [32m'admin@test.com'[39m[33m,[39m 
password[33m:[39m [32m'AdminPass123!'[39m })[33m;[39m
     [90m 17 |[39m     [36mconst[39m id [33m=[39m 
res[33m.[39mbody[33m.[39mdata[33m.[39muser[33m.[39mid[33m;[39m
    [31m[1m>[22m[39m[90m 18 |[39m     [36mawait[39m prisma[33m.[39muser[33m.[39mupdate({ where[33m:[39m 
{ id }[33m,[39m data[33m:[39m { role[33m:[39m [32m'ADMIN'[39m } })[33m;[39m
     [90m    |[39m     [31m[1m^[22m[39m
     [90m 19 |[39m     [36mconst[39m loginRes [33m=[39m [36mawait[39m request(app)
     [90m 20 |[39m       [33m.[39mpost([32m'/api/auth/login'[39m)
     [90m 21 |[39m       [33m.[39msend({ email[33m:[39m [32m'admin@test.com'[39m[33m,[39m 
password[33m:[39m [32m'AdminPass123!'[39m })[33m;[39m[0m

      at $n.handleRequestError (node_modules/@prisma/client/runtime/library.js:121:7315)
      at $n.handleAndLogRequestError (node_modules/@prisma/client/runtime/library.js:121:6623)
      at $n.request (node_modules/@prisma/client/runtime/library.js:121:6307)
      at l (node_modules/@prisma/client/runtime/library.js:130:9633)
      at createAdminAndLogin (src/tests/admin.integration.test.ts:18:5)
      at Object.<anonymous> (src/tests/admin.integration.test.ts:37:19)

  ΓùÅ Admin Endpoints ΓÇ║ GET /api/admin/activity ΓÇ║ returns activity logs for admin

    TypeError: Cannot read properties of undefined (reading 'accessToken')

    [0m [90m 20 |[39m       [33m.[39mpost([32m'/api/auth/login'[39m)
     [90m 21 |[39m       [33m.[39msend({ email[33m:[39m [32m'admin@test.com'[39m[33m,[39m 
password[33m:[39m [32m'AdminPass123!'[39m })[33m;[39m
    [31m[1m>[22m[39m[90m 22 |[39m     [36mreturn[39m { token[33m:[39m 
loginRes[33m.[39mbody[33m.[39mdata[33m.[39maccessToken[33m,[39m id }[33m;[39m
     [90m    |[39m                                        [31m[1m^[22m[39m
     [90m 23 |[39m   }[33m;[39m
     [90m 24 |[39m
     [90m 25 |[39m   [36mconst[39m createUserAndLogin [33m=[39m [36masync[39m () [33m=>[39m {[0m

      at createAdminAndLogin (src/tests/admin.integration.test.ts:22:40)
      at Object.<anonymous> (src/tests/admin.integration.test.ts:37:19)

::ffff:127.0.0.1 - - [13/Jun/2026:10:48:59 +0000] "POST /api/tasks HTTP/1.1" 201 403 "-" "-"
::ffff:127.0.0.1 - - [13/Jun/2026:10:48:59 +0000] "GET /api/admin/auth-logs HTTP/1.1" 403 96 "-" "-"
::ffff:127.0.0.1 - - [13/Jun/2026:10:49:06 +0000] "POST /api/auth/signup HTTP/1.1" 201 735 "-" "-"
::ffff:127.0.0.1 - - [13/Jun/2026:10:49:07 +0000] "POST /api/auth/signup HTTP/1.1" 201 735 "-" "-"
::ffff:127.0.0.1 - - [13/Jun/2026:10:49:08 +0000] "POST /api/tasks HTTP/1.1" 201 409 "-" "-"
::ffff:127.0.0.1 - - [13/Jun/2026:10:49:08 +0000] "GET /api/tasks/be240577-5e75-4396-8332-ef7c7ced1a6c HTTP/1.1" 404 99 "-" "-"
::ffff:127.0.0.1 - - [13/Jun/2026:10:49:10 +0000] "POST /api/auth/signup HTTP/1.1" 201 735 "-" "-"
::ffff:127.0.0.1 - - [13/Jun/2026:10:49:11 +0000] "POST /api/auth/signup HTTP/1.1" 201 735 "-" "-"
::ffff:127.0.0.1 - - [13/Jun/2026:10:49:12 +0000] "POST /api/tasks HTTP/1.1" 201 409 "-" "-"
::ffff:127.0.0.1 - - [13/Jun/2026:10:49:12 +0000] "PATCH /api/tasks/98a8dcf0-0e8d-4018-b65e-f8ef873fc613 HTTP/1.1" 404 99 "-" "-"
::ffff:127.0.0.1 - - [13/Jun/2026:10:49:14 +0000] "POST /api/auth/signup HTTP/1.1" 201 735 "-" "-"
::ffff:127.0.0.1 - - [13/Jun/2026:10:49:15 +0000] "POST /api/auth/signup HTTP/1.1" 201 735 "-" "-"
::ffff:127.0.0.1 - - [13/Jun/2026:10:49:15 +0000] "POST /api/tasks HTTP/1.1" 201 409 "-" "-"
::ffff:127.0.0.1 - - [13/Jun/2026:10:49:15 +0000] "DELETE /api/tasks/70f832f6-5161-4342-92a5-795ad2e805a1 HTTP/1.1" 404 99 "-" "-"
::ffff:127.0.0.1 - - [13/Jun/2026:10:49:17 +0000] "POST /api/auth/signup HTTP/1.1" 201 735 "-" "-"
::ffff:127.0.0.1 - - [13/Jun/2026:10:49:18 +0000] "POST /api/auth/signup HTTP/1.1" 201 735 "-" "-"
::ffff:127.0.0.1 - - [13/Jun/2026:10:49:19 +0000] "POST /api/tasks HTTP/1.1" 201 409 "-" "-"
::ffff:127.0.0.1 - - [13/Jun/2026:10:49:21 +0000] "GET /api/tasks HTTP/1.1" 200 112 "-" "-"
::ffff:127.0.0.1 - - [13/Jun/2026:10:49:23 +0000] "POST /api/auth/signup HTTP/1.1" 201 735 "-" "-"
::ffff:127.0.0.1 - - [13/Jun/2026:10:49:24 +0000] "POST /api/auth/signup HTTP/1.1" 201 735 "-" "-"
::ffff:127.0.0.1 - - [13/Jun/2026:10:49:26 +0000] "POST /api/tasks HTTP/1.1" 201 409 "-" "-"
::ffff:127.0.0.1 - - [13/Jun/2026:10:49:26 +0000] "GET /api/tasks HTTP/1.1" 401 92 "-" "-"
::ffff:127.0.0.1 - - [13/Jun/2026:10:49:27 +0000] "POST /api/auth/signup HTTP/1.1" 201 735 "-" "-"
::ffff:127.0.0.1 - - [13/Jun/2026:10:49:28 +0000] "POST /api/auth/signup HTTP/1.1" 201 735 "-" "-"
::ffff:127.0.0.1 - - [13/Jun/2026:10:49:29 +0000] "POST /api/tasks HTTP/1.1" 201 409 "-" "-"
::ffff:127.0.0.1 - - [13/Jun/2026:10:49:29 +0000] "GET /api/tasks HTTP/1.1" 401 88 "-" "-"
::ffff:127.0.0.1 - - [13/Jun/2026:10:49:30 +0000] "POST /api/auth/signup HTTP/1.1" 201 735 "-" "-"
::ffff:127.0.0.1 - - [13/Jun/2026:10:49:32 +0000] "POST /api/auth/signup HTTP/1.1" 201 735 "-" "-"
::ffff:127.0.0.1 - - [13/Jun/2026:10:49:32 +0000] "POST /api/tasks HTTP/1.1" 201 409 "-" "-"
::ffff:127.0.0.1 - - [13/Jun/2026:10:49:32 +0000] "GET /api/tasks HTTP/1.1" 401 88 "-" "-"
::ffff:127.0.0.1 - - [13/Jun/2026:10:49:34 +0000] "POST /api/auth/signup HTTP/1.1" 201 735 "-" "-"
::ffff:127.0.0.1 - - [13/Jun/2026:10:49:35 +0000] "POST /api/auth/signup HTTP/1.1" 201 735 "-" "-"
::ffff:127.0.0.1 - - [13/Jun/2026:10:49:35 +0000] "POST /api/tasks HTTP/1.1" 201 409 "-" "-"
::ffff:127.0.0.1 - - [13/Jun/2026:10:49:35 +0000] "GET /api/tasks HTTP/1.1" 401 92 "-" "-"
::ffff:127.0.0.1 - - [13/Jun/2026:10:49:37 +0000] "POST /api/auth/signup HTTP/1.1" 201 735 "-" "-"
::ffff:127.0.0.1 - - [13/Jun/2026:10:49:38 +0000] "POST /api/auth/signup HTTP/1.1" 201 735 "-" "-"
::ffff:127.0.0.1 - - [13/Jun/2026:10:49:39 +0000] "POST /api/tasks HTTP/1.1" 201 409 "-" "-"
::ffff:127.0.0.1 - - [13/Jun/2026:10:49:39 +0000] "POST /api/auth/login HTTP/1.1" 200 735 "-" "-"
::ffff:127.0.0.1 - - [13/Jun/2026:10:49:40 +0000] "POST /api/auth/refresh HTTP/1.1" 200 643 "-" "-"
::ffff:127.0.0.1 - - [13/Jun/2026:10:49:42 +0000] "POST /api/auth/signup HTTP/1.1" 201 735 "-" "-"
::ffff:127.0.0.1 - - [13/Jun/2026:10:49:43 +0000] "POST /api/auth/signup HTTP/1.1" 201 735 "-" "-"
::ffff:127.0.0.1 - - [13/Jun/2026:10:49:44 +0000] "POST /api/tasks HTTP/1.1" 201 409 "-" "-"
::ffff:127.0.0.1 - - [13/Jun/2026:10:49:44 +0000] "POST /api/auth/login HTTP/1.1" 200 735 "-" "-"
::ffff:127.0.0.1 - - [13/Jun/2026:10:49:45 +0000] "POST /api/auth/refresh HTTP/1.1" 200 643 "-" "-"
::ffff:127.0.0.1 - - [13/Jun/2026:10:49:45 +0000] "POST /api/auth/refresh HTTP/1.1" 401 114 "-" "-"
::ffff:127.0.0.1 - - [13/Jun/2026:10:49:47 +0000] "POST /api/auth/signup HTTP/1.1" 201 735 "-" "-"
::ffff:127.0.0.1 - - [13/Jun/2026:10:49:48 +0000] "POST /api/auth/signup HTTP/1.1" 201 735 "-" "-"
::ffff:127.0.0.1 - - [13/Jun/2026:10:49:49 +0000] "POST /api/tasks HTTP/1.1" 201 409 "-" "-"
::ffff:127.0.0.1 - - [13/Jun/2026:10:49:49 +0000] "POST /api/auth/login HTTP/1.1" 200 735 "-" "-"
::ffff:127.0.0.1 - - [13/Jun/2026:10:49:50 +0000] "POST /api/auth/logout HTTP/1.1" 200 95 "-" "-"
::ffff:127.0.0.1 - - [13/Jun/2026:10:49:50 +0000] "POST /api/auth/refresh HTTP/1.1" 401 96 "-" "-"
::ffff:127.0.0.1 - - [13/Jun/2026:10:49:52 +0000] "POST /api/auth/signup HTTP/1.1" 201 735 "-" "-"
::ffff:127.0.0.1 - - [13/Jun/2026:10:49:53 +0000] "POST /api/auth/signup HTTP/1.1" 201 735 "-" "-"
::ffff:127.0.0.1 - - [13/Jun/2026:10:49:53 +0000] "POST /api/tasks HTTP/1.1" 500 424 "-" "-"
::ffff:127.0.0.1 - - [13/Jun/2026:10:49:55 +0000] "POST /api/auth/signup HTTP/1.1" 201 735 "-" "-"
::ffff:127.0.0.1 - - [13/Jun/2026:10:49:56 +0000] "POST /api/auth/signup HTTP/1.1" 201 735 "-" "-"
::ffff:127.0.0.1 - - [13/Jun/2026:10:49:56 +0000] "POST /api/tasks HTTP/1.1" 500 424 "-" "-"
::ffff:127.0.0.1 - - [13/Jun/2026:10:49:58 +0000] "POST /api/auth/signup HTTP/1.1" 201 735 "-" "-"
::ffff:127.0.0.1 - - [13/Jun/2026:10:49:59 +0000] "POST /api/auth/signup HTTP/1.1" 201 735 "-" "-"
FAIL src/tests/authz.integration.test.ts (60.319 s)
  ΓùÅ Authorization & Penetration Tests ΓÇ║ Admin access control ΓÇ║ admin can access any task

    TypeError: Cannot read properties of undefined (reading 'id')

    [0m [90m 31 |[39m       [33m.[39m[36mset[39m([32m'Authorization'[39m[33m,[39m [32m`Bearer 
${userAToken}`[39m)
     [90m 32 |[39m       [33m.[39msend({ title[33m:[39m [32m'User A Private Task'[39m[33m,[39m 
priority[33m:[39m [32m'HIGH'[39m })[33m;[39m
    [31m[1m>[22m[39m[90m 33 |[39m     userATaskId [33m=[39m 
taskRes[33m.[39mbody[33m.[39mdata[33m.[39mid[33m;[39m
     [90m    |[39m                                     [31m[1m^[22m[39m
     [90m 34 |[39m   })[33m;[39m
     [90m 35 |[39m
     [90m 36 |[39m   afterAll([36masync[39m () [33m=>[39m {[0m

      at Object.<anonymous> (src/tests/authz.integration.test.ts:33:37)

  ΓùÅ Authorization & Penetration Tests ΓÇ║ Admin access control ΓÇ║ admin can view all users tasks without any flag

    TypeError: Cannot read properties of undefined (reading 'id')

    [0m [90m 31 |[39m       [33m.[39m[36mset[39m([32m'Authorization'[39m[33m,[39m [32m`Bearer 
${userAToken}`[39m)
     [90m 32 |[39m       [33m.[39msend({ title[33m:[39m [32m'User A Private Task'[39m[33m,[39m 
priority[33m:[39m [32m'HIGH'[39m })[33m;[39m
    [31m[1m>[22m[39m[90m 33 |[39m     userATaskId [33m=[39m 
taskRes[33m.[39mbody[33m.[39mdata[33m.[39mid[33m;[39m
     [90m    |[39m                                     [31m[1m^[22m[39m
     [90m 34 |[39m   })[33m;[39m
     [90m 35 |[39m
     [90m 36 |[39m   afterAll([36masync[39m () [33m=>[39m {[0m

      at Object.<anonymous> (src/tests/authz.integration.test.ts:33:37)

  ΓùÅ Authorization & Penetration Tests ΓÇ║ Admin access control ΓÇ║ regular user cannot access admin routes

    TypeError: Cannot read properties of undefined (reading 'id')

    [0m [90m 31 |[39m       [33m.[39m[36mset[39m([32m'Authorization'[39m[33m,[39m [32m`Bearer 
${userAToken}`[39m)
     [90m 32 |[39m       [33m.[39msend({ title[33m:[39m [32m'User A Private Task'[39m[33m,[39m 
priority[33m:[39m [32m'HIGH'[39m })[33m;[39m
    [31m[1m>[22m[39m[90m 33 |[39m     userATaskId [33m=[39m 
taskRes[33m.[39mbody[33m.[39mdata[33m.[39mid[33m;[39m
     [90m    |[39m                                     [31m[1m^[22m[39m
     [90m 34 |[39m   })[33m;[39m
     [90m 35 |[39m
     [90m 36 |[39m   afterAll([36masync[39m () [33m=>[39m {[0m

      at Object.<anonymous> (src/tests/authz.integration.test.ts:33:37)

::ffff:127.0.0.1 - - [13/Jun/2026:10:50:00 +0000] "POST /api/tasks HTTP/1.1" 500 424 "-" "-"
::ffff:127.0.0.1 - - [13/Jun/2026:10:50:06 +0000] "POST /api/auth/signup HTTP/1.1" 201 746 "-" "-"
::ffff:127.0.0.1 - - [13/Jun/2026:10:50:07 +0000] "POST /api/tasks HTTP/1.1" 201 399 "-" "-"
::ffff:127.0.0.1 - - [13/Jun/2026:10:50:09 +0000] "POST /api/auth/signup HTTP/1.1" 201 746 "-" "-"
::ffff:127.0.0.1 - - [13/Jun/2026:10:50:09 +0000] "POST /api/tasks HTTP/1.1" 401 92 "-" "-"
::ffff:127.0.0.1 - - [13/Jun/2026:10:50:11 +0000] "POST /api/auth/signup HTTP/1.1" 201 746 "-" "-"
::ffff:127.0.0.1 - - [13/Jun/2026:10:50:11 +0000] "POST /api/tasks HTTP/1.1" 201 401 "-" "-"
::ffff:127.0.0.1 - - [13/Jun/2026:10:50:11 +0000] "POST /api/tasks HTTP/1.1" 201 401 "-" "-"
::ffff:127.0.0.1 - - [13/Jun/2026:10:50:14 +0000] "GET /api/tasks HTTP/1.1" 200 993 "-" "-"
::ffff:127.0.0.1 - - [13/Jun/2026:10:50:16 +0000] "POST /api/auth/signup HTTP/1.1" 201 746 "-" "-"
::ffff:127.0.0.1 - - [13/Jun/2026:10:50:18 +0000] "POST /api/tasks HTTP/1.1" 201 401 "-" "-"
::ffff:127.0.0.1 - - [13/Jun/2026:10:50:18 +0000] "POST /api/tasks HTTP/1.1" 201 401 "-" "-"
::ffff:127.0.0.1 - - [13/Jun/2026:10:50:19 +0000] "GET /api/tasks?status=TODO HTTP/1.1" 200 552 "-" "-"
::ffff:127.0.0.1 - - [13/Jun/2026:10:50:21 +0000] "POST /api/auth/signup HTTP/1.1" 201 746 "-" "-"
::ffff:127.0.0.1 - - [13/Jun/2026:10:50:22 +0000] "POST /api/tasks HTTP/1.1" 201 401 "-" "-"
::ffff:127.0.0.1 - - [13/Jun/2026:10:50:22 +0000] "POST /api/tasks HTTP/1.1" 201 401 "-" "-"
::ffff:127.0.0.1 - - [13/Jun/2026:10:50:22 +0000] "GET /api/tasks/invalid-uuid HTTP/1.1" 400 74 "-" "-"
::ffff:127.0.0.1 - - [13/Jun/2026:10:50:24 +0000] "POST /api/auth/signup HTTP/1.1" 201 746 "-" "-"
::ffff:127.0.0.1 - - [13/Jun/2026:10:50:24 +0000] "POST /api/tasks HTTP/1.1" 201 401 "-" "-"
::ffff:127.0.0.1 - - [13/Jun/2026:10:50:25 +0000] "POST /api/tasks HTTP/1.1" 201 401 "-" "-"
::ffff:127.0.0.1 - - [13/Jun/2026:10:50:25 +0000] "GET /api/tasks?pageSize=999 HTTP/1.1" 400 173 "-" "-"
::ffff:127.0.0.1 - - [13/Jun/2026:10:50:26 +0000] "POST /api/auth/signup HTTP/1.1" 201 746 "-" "-"
::ffff:127.0.0.1 - - [13/Jun/2026:10:50:27 +0000] "POST /api/tasks HTTP/1.1" 201 410 "-" "-"
::ffff:127.0.0.1 - - [13/Jun/2026:10:50:28 +0000] "GET /api/tasks/47ab65b9-9351-4897-a038-b2b44d29ac71/activity HTTP/1.1" 200 320 "-" "-"
::ffff:127.0.0.1 - - [13/Jun/2026:10:50:30 +0000] "POST /api/auth/signup HTTP/1.1" 201 746 "-" "-"
::ffff:127.0.0.1 - - [13/Jun/2026:10:50:30 +0000] "POST /api/tasks HTTP/1.1" 201 410 "-" "-"
::ffff:127.0.0.1 - - [13/Jun/2026:10:50:30 +0000] "GET /api/tasks/00000000-0000-0000-0000-000000000000/activity HTTP/1.1" 404 99 "-" "-"
::ffff:127.0.0.1 - - [13/Jun/2026:10:50:32 +0000] "POST /api/auth/signup HTTP/1.1" 201 746 "-" "-"
PASS src/tests/tasks.integration.test.ts (32.929 s)
::ffff:127.0.0.1 - - [13/Jun/2026:10:50:32 +0000] "POST /api/tasks HTTP/1.1" 201 410 "-" "-"
::ffff:127.0.0.1 - - [13/Jun/2026:10:50:32 +0000] "GET /api/tasks/0d6cc515-7d52-4fd0-a10d-9aea9778f25e/activity HTTP/1.1" 401 92 "-" "-"
::ffff:127.0.0.1 - - [13/Jun/2026:10:50:38 +0000] "POST /api/auth/signup HTTP/1.1" 201 743 "-" "-"
::ffff:127.0.0.1 - - [13/Jun/2026:10:50:38 +0000] "POST /api/auth/signup HTTP/1.1" 400 145 "-" "-"
::ffff:127.0.0.1 - - [13/Jun/2026:10:50:38 +0000] "POST /api/auth/signup HTTP/1.1" 400 151 "-" "-"
::ffff:127.0.0.1 - - [13/Jun/2026:10:50:38 +0000] "POST /api/auth/signup HTTP/1.1" 400 293 "-" "-"
::ffff:127.0.0.1 - - [13/Jun/2026:10:50:40 +0000] "POST /api/auth/signup HTTP/1.1" 201 743 "-" "-"
::ffff:127.0.0.1 - - [13/Jun/2026:10:50:40 +0000] "POST /api/auth/signup HTTP/1.1" 409 84 "-" "-"
::ffff:127.0.0.1 - - [13/Jun/2026:10:50:41 +0000] "POST /api/auth/signup HTTP/1.1" 201 746 "-" "-"
::ffff:127.0.0.1 - - [13/Jun/2026:10:50:42 +0000] "POST /api/auth/login HTTP/1.1" 200 746 "-" "-"
::ffff:127.0.0.1 - - [13/Jun/2026:10:50:43 +0000] "POST /api/auth/signup HTTP/1.1" 201 746 "-" "-"
::ffff:127.0.0.1 - - [13/Jun/2026:10:50:44 +0000] "POST /api/auth/login HTTP/1.1" 401 83 "-" "-"
::ffff:127.0.0.1 - - [13/Jun/2026:10:50:45 +0000] "POST /api/auth/signup HTTP/1.1" 201 746 "-" "-"
::ffff:127.0.0.1 - - [13/Jun/2026:10:50:45 +0000] "POST /api/auth/login HTTP/1.1" 400 145 "-" "-"
::ffff:127.0.0.1 - - [13/Jun/2026:10:50:47 +0000] "POST /api/auth/signup HTTP/1.1" 201 746 "-" "-"
::ffff:127.0.0.1 - - [13/Jun/2026:10:50:47 +0000] "POST /api/auth/login HTTP/1.1" 400 151 "-" "-"
::ffff:127.0.0.1 - - [13/Jun/2026:10:50:48 +0000] "POST /api/auth/signup HTTP/1.1" 201 735 "-" "-"
::ffff:127.0.0.1 - - [13/Jun/2026:10:50:48 +0000] "GET /api/auth/me HTTP/1.1" 404 78 "-" "-"
::ffff:127.0.0.1 - - [13/Jun/2026:10:50:50 +0000] "POST /api/auth/signup HTTP/1.1" 201 735 "-" "-"
::ffff:127.0.0.1 - - [13/Jun/2026:10:50:50 +0000] "GET /api/auth/me HTTP/1.1" 401 92 "-" "-"
FAIL src/tests/auth.integration.test.ts (18.601 s)
  ΓùÅ Auth Endpoints ΓÇ║ GET /api/auth/me ΓÇ║ returns current user for authenticated request

    expect(received).toBe(expected) // Object.is equality

    Expected: 200
    Received: 404

    [0m [90m 113 |[39m         [33m.[39m[36mget[39m([32m'/api/auth/me'[39m)
     [90m 114 |[39m         [33m.[39m[36mset[39m([32m'Authorization'[39m[33m,[39m [32m`Bearer 
${accessToken}`[39m)[33m;[39m
    [31m[1m>[22m[39m[90m 115 |[39m       expect(res[33m.[39mstatus)[33m.[39mtoBe([35m200[39m)[33m;[39m
     [90m     |[39m                          [31m[1m^[22m[39m
     [90m 116 |[39m       expect(res[33m.[39mbody[33m.[39mdata[33m.[39muser[33m.[39memail)[33m.[39mtoBe([3
2m'me@example.com'[39m)[33m;[39m
     [90m 117 |[39m       
expect(res[33m.[39mbody[33m.[39mdata[33m.[39muser)[33m.[39mtoHaveProperty([32m'id'[39m)[33m;[39m
     [90m 118 |[39m       
expect(res[33m.[39mbody[33m.[39mdata[33m.[39muser)[33m.[39mtoHaveProperty([32m'role'[39m)[33m;[39m[0m

      at Object.<anonymous> (src/tests/auth.integration.test.ts:115:26)

::ffff:127.0.0.1 - - [13/Jun/2026:10:50:51 +0000] "POST /api/auth/signup HTTP/1.1" 201 735 "-" "-"
::ffff:127.0.0.1 - - [13/Jun/2026:10:50:51 +0000] "GET /api/auth/me HTTP/1.1" 401 88 "-" "-"
PASS src/tests/password.test.ts
PASS src/tests/jwt.test.ts

Test Suites: 3 failed, 3 passed, 6 total
Tests:       15 failed, 56 passed, 71 total
Snapshots:   0 total
Time:        221.962 s, estimated 270 s
Ran all test suites.
